This is test.log
Nothing to add